syscalls.c:47:6:initialise_monitor_handles	4	static
syscalls.c:51:5:_getpid	4	static
syscalls.c:56:5:_kill	16	static
unistd.h:18:6:_exit	16	static
syscalls.c:68:27:_read	32	static
syscalls.c:80:27:_write	32	static
syscalls.c:95:5:_close	16	static
syscalls.c:101:5:_fstat	16	static
syscalls.c:107:5:_isatty	16	static
syscalls.c:112:5:_lseek	24	static
syscalls.c:117:5:_open	12	static
syscalls.c:123:5:_wait	16	static
syscalls.c:129:5:_unlink	16	static
syscalls.c:135:5:_times	16	static
syscalls.c:140:5:_stat	16	static
syscalls.c:146:5:_link	16	static
syscalls.c:152:5:_fork	8	static
syscalls.c:158:5:_execve	24	static
